/home/jade/桌面/lc/WHU_stereo_dataset/train/010_101/Left/003003.png	/home/jade/桌面/lc/WHU_stereo_dataset/train/010_101/Right/003003.png	/home/jade/桌面/lc/WHU_stereo_dataset/train/010_101/Disparity/003003.png
/home/jade/桌面/lc/WHU_stereo_dataset/train/010_101/Left/002007.png	/home/jade/桌面/lc/WHU_stereo_dataset/train/010_101/Right/002007.png	/home/jade/桌面/lc/WHU_stereo_dataset/train/010_101/Disparity/002007.png
/home/jade/桌面/lc/WHU_stereo_dataset/train/010_101/Left/002004.png	/home/jade/桌面/lc/WHU_stereo_dataset/train/010_101/Right/002004.png	/home/jade/桌面/lc/WHU_stereo_dataset/train/010_101/Disparity/002004.png
/home/jade/桌面/lc/WHU_stereo_dataset/train/010_101/Left/006004.png	/home/jade/桌面/lc/WHU_stereo_dataset/train/010_101/Right/006004.png	/home/jade/桌面/lc/WHU_stereo_dataset/train/010_101/Disparity/006004.png
/home/jade/桌面/lc/WHU_stereo_dataset/train/010_101/Left/012008.png	/home/jade/桌面/lc/WHU_stereo_dataset/train/010_101/Right/012008.png	/home/jade/桌面/lc/WHU_stereo_dataset/train/010_101/Disparity/012008.png
/home/jade/桌面/lc/WHU_stereo_dataset/train/010_101/Left/000002.png	/home/jade/桌面/lc/WHU_stereo_dataset/train/010_101/Right/000002.png	/home/jade/桌面/lc/WHU_stereo_dataset/train/010_101/Disparity/000002.png
/home/jade/桌面/lc/WHU_stereo_dataset/train/010_101/Left/000004.png	/home/jade/桌面/lc/WHU_stereo_dataset/train/010_101/Right/000004.png	/home/jade/桌面/lc/WHU_stereo_dataset/train/010_101/Disparity/000004.png
/home/jade/桌面/lc/WHU_stereo_dataset/train/010_101/Left/010001.png	/home/jade/桌面/lc/WHU_stereo_dataset/train/010_101/Right/010001.png	/home/jade/桌面/lc/WHU_stereo_dataset/train/010_101/Disparity/010001.png
/home/jade/桌面/lc/WHU_stereo_dataset/train/010_101/Left/010002.png	/home/jade/桌面/lc/WHU_stereo_dataset/train/010_101/Right/010002.png	/home/jade/桌面/lc/WHU_stereo_dataset/train/010_101/Disparity/010002.png
/home/jade/桌面/lc/WHU_stereo_dataset/train/010_101/Left/004005.png	/home/jade/桌面/lc/WHU_stereo_dataset/train/010_101/Right/004005.png	/home/jade/桌面/lc/WHU_stereo_dataset/train/010_101/Disparity/004005.png
/home/jade/桌面/lc/WHU_stereo_dataset/train/010_101/Left/011002.png	/home/jade/桌面/lc/WHU_stereo_dataset/train/010_101/Right/011002.png	/home/jade/桌面/lc/WHU_stereo_dataset/train/010_101/Disparity/011002.png
/home/jade/桌面/lc/WHU_stereo_dataset/train/010_101/Left/013006.png	/home/jade/桌面/lc/WHU_stereo_dataset/train/010_101/Right/013006.png	/home/jade/桌面/lc/WHU_stereo_dataset/train/010_101/Disparity/013006.png
/home/jade/桌面/lc/WHU_stereo_dataset/train/010_101/Left/006006.png	/home/jade/桌面/lc/WHU_stereo_dataset/train/010_101/Right/006006.png	/home/jade/桌面/lc/WHU_stereo_dataset/train/010_101/Disparity/006006.png
/home/jade/桌面/lc/WHU_stereo_dataset/train/010_101/Left/009009.png	/home/jade/桌面/lc/WHU_stereo_dataset/train/010_101/Right/009009.png	/home/jade/桌面/lc/WHU_stereo_dataset/train/010_101/Disparity/009009.png
/home/jade/桌面/lc/WHU_stereo_dataset/train/010_101/Left/006009.png	/home/jade/桌面/lc/WHU_stereo_dataset/train/010_101/Right/006009.png	/home/jade/桌面/lc/WHU_stereo_dataset/train/010_101/Disparity/006009.png
/home/jade/桌面/lc/WHU_stereo_dataset/train/010_101/Left/010004.png	/home/jade/桌面/lc/WHU_stereo_dataset/train/010_101/Right/010004.png	/home/jade/桌面/lc/WHU_stereo_dataset/train/010_101/Disparity/010004.png
/home/jade/桌面/lc/WHU_stereo_dataset/train/010_101/Left/013002.png	/home/jade/桌面/lc/WHU_stereo_dataset/train/010_101/Right/013002.png	/home/jade/桌面/lc/WHU_stereo_dataset/train/010_101/Disparity/013002.png
/home/jade/桌面/lc/WHU_stereo_dataset/train/010_101/Left/011006.png	/home/jade/桌面/lc/WHU_stereo_dataset/train/010_101/Right/011006.png	/home/jade/桌面/lc/WHU_stereo_dataset/train/010_101/Disparity/011006.png
/home/jade/桌面/lc/WHU_stereo_dataset/train/010_101/Left/003009.png	/home/jade/桌面/lc/WHU_stereo_dataset/train/010_101/Right/003009.png	/home/jade/桌面/lc/WHU_stereo_dataset/train/010_101/Disparity/003009.png
/home/jade/桌面/lc/WHU_stereo_dataset/train/010_101/Left/004004.png	/home/jade/桌面/lc/WHU_stereo_dataset/train/010_101/Right/004004.png	/home/jade/桌面/lc/WHU_stereo_dataset/train/010_101/Disparity/004004.png
/home/jade/桌面/lc/WHU_stereo_dataset/train/010_101/Left/005002.png	/home/jade/桌面/lc/WHU_stereo_dataset/train/010_101/Right/005002.png	/home/jade/桌面/lc/WHU_stereo_dataset/train/010_101/Disparity/005002.png
/home/jade/桌面/lc/WHU_stereo_dataset/train/010_101/Left/007006.png	/home/jade/桌面/lc/WHU_stereo_dataset/train/010_101/Right/007006.png	/home/jade/桌面/lc/WHU_stereo_dataset/train/010_101/Disparity/007006.png
/home/jade/桌面/lc/WHU_stereo_dataset/train/010_101/Left/002008.png	/home/jade/桌面/lc/WHU_stereo_dataset/train/010_101/Right/002008.png	/home/jade/桌面/lc/WHU_stereo_dataset/train/010_101/Disparity/002008.png
/home/jade/桌面/lc/WHU_stereo_dataset/train/010_101/Left/000005.png	/home/jade/桌面/lc/WHU_stereo_dataset/train/010_101/Right/000005.png	/home/jade/桌面/lc/WHU_stereo_dataset/train/010_101/Disparity/000005.png
/home/jade/桌面/lc/WHU_stereo_dataset/train/010_101/Left/012006.png	/home/jade/桌面/lc/WHU_stereo_dataset/train/010_101/Right/012006.png	/home/jade/桌面/lc/WHU_stereo_dataset/train/010_101/Disparity/012006.png
/home/jade/桌面/lc/WHU_stereo_dataset/train/010_101/Left/013000.png	/home/jade/桌面/lc/WHU_stereo_dataset/train/010_101/Right/013000.png	/home/jade/桌面/lc/WHU_stereo_dataset/train/010_101/Disparity/013000.png
/home/jade/桌面/lc/WHU_stereo_dataset/train/010_101/Left/007009.png	/home/jade/桌面/lc/WHU_stereo_dataset/train/010_101/Right/007009.png	/home/jade/桌面/lc/WHU_stereo_dataset/train/010_101/Disparity/007009.png
/home/jade/桌面/lc/WHU_stereo_dataset/train/010_101/Left/000007.png	/home/jade/桌面/lc/WHU_stereo_dataset/train/010_101/Right/000007.png	/home/jade/桌面/lc/WHU_stereo_dataset/train/010_101/Disparity/000007.png
/home/jade/桌面/lc/WHU_stereo_dataset/train/010_101/Left/001010.png	/home/jade/桌面/lc/WHU_stereo_dataset/train/010_101/Right/001010.png	/home/jade/桌面/lc/WHU_stereo_dataset/train/010_101/Disparity/001010.png
/home/jade/桌面/lc/WHU_stereo_dataset/train/010_101/Left/009005.png	/home/jade/桌面/lc/WHU_stereo_dataset/train/010_101/Right/009005.png	/home/jade/桌面/lc/WHU_stereo_dataset/train/010_101/Disparity/009005.png
/home/jade/桌面/lc/WHU_stereo_dataset/train/010_101/Left/003010.png	/home/jade/桌面/lc/WHU_stereo_dataset/train/010_101/Right/003010.png	/home/jade/桌面/lc/WHU_stereo_dataset/train/010_101/Disparity/003010.png
/home/jade/桌面/lc/WHU_stereo_dataset/train/010_101/Left/004003.png	/home/jade/桌面/lc/WHU_stereo_dataset/train/010_101/Right/004003.png	/home/jade/桌面/lc/WHU_stereo_dataset/train/010_101/Disparity/004003.png
/home/jade/桌面/lc/WHU_stereo_dataset/train/010_101/Left/007003.png	/home/jade/桌面/lc/WHU_stereo_dataset/train/010_101/Right/007003.png	/home/jade/桌面/lc/WHU_stereo_dataset/train/010_101/Disparity/007003.png
/home/jade/桌面/lc/WHU_stereo_dataset/train/010_101/Left/008010.png	/home/jade/桌面/lc/WHU_stereo_dataset/train/010_101/Right/008010.png	/home/jade/桌面/lc/WHU_stereo_dataset/train/010_101/Disparity/008010.png
/home/jade/桌面/lc/WHU_stereo_dataset/train/010_101/Left/013008.png	/home/jade/桌面/lc/WHU_stereo_dataset/train/010_101/Right/013008.png	/home/jade/桌面/lc/WHU_stereo_dataset/train/010_101/Disparity/013008.png
/home/jade/桌面/lc/WHU_stereo_dataset/train/010_101/Left/010003.png	/home/jade/桌面/lc/WHU_stereo_dataset/train/010_101/Right/010003.png	/home/jade/桌面/lc/WHU_stereo_dataset/train/010_101/Disparity/010003.png
/home/jade/桌面/lc/WHU_stereo_dataset/train/010_101/Left/004008.png	/home/jade/桌面/lc/WHU_stereo_dataset/train/010_101/Right/004008.png	/home/jade/桌面/lc/WHU_stereo_dataset/train/010_101/Disparity/004008.png
/home/jade/桌面/lc/WHU_stereo_dataset/train/010_101/Left/008008.png	/home/jade/桌面/lc/WHU_stereo_dataset/train/010_101/Right/008008.png	/home/jade/桌面/lc/WHU_stereo_dataset/train/010_101/Disparity/008008.png
/home/jade/桌面/lc/WHU_stereo_dataset/train/010_101/Left/012002.png	/home/jade/桌面/lc/WHU_stereo_dataset/train/010_101/Right/012002.png	/home/jade/桌面/lc/WHU_stereo_dataset/train/010_101/Disparity/012002.png
/home/jade/桌面/lc/WHU_stereo_dataset/train/010_101/Left/013004.png	/home/jade/桌面/lc/WHU_stereo_dataset/train/010_101/Right/013004.png	/home/jade/桌面/lc/WHU_stereo_dataset/train/010_101/Disparity/013004.png