frames_finalpass/TRAIN/15mm_focallength/scene_backwards/slow/left/0224.png frames_finalpass/TRAIN/15mm_focallength/scene_backwards/slow/right/0224.png disparity/TRAIN/15mm_focallength/scene_backwards/slow/left/0224.pfm
frames_finalpass/TRAIN/15mm_focallength/scene_backwards/slow/left/0132.png frames_finalpass/TRAIN/15mm_focallength/scene_backwards/slow/right/0132.png disparity/TRAIN/15mm_focallength/scene_backwards/slow/left/0132.pfm
frames_finalpass/TRAIN/15mm_focallength/scene_backwards/slow/left/0020.png frames_finalpass/TRAIN/15mm_focallength/scene_backwards/slow/right/0020.png disparity/TRAIN/15mm_focallength/scene_backwards/slow/left/0020.pfm
frames_finalpass/TRAIN/15mm_focallength/scene_backwards/slow/left/0408.png frames_finalpass/TRAIN/15mm_focallength/scene_backwards/slow/right/0408.png disparity/TRAIN/15mm_focallength/scene_backwards/slow/left/0408.pfm
frames_finalpass/TRAIN/15mm_focallength/scene_backwards/slow/left/0411.png frames_finalpass/TRAIN/15mm_focallength/scene_backwards/slow/right/0411.png disparity/TRAIN/15mm_focallength/scene_backwards/slow/left/0411.pfm
frames_finalpass/TRAIN/15mm_focallength/scene_backwards/slow/left/0290.png frames_finalpass/TRAIN/15mm_focallength/scene_backwards/slow/right/0290.png disparity/TRAIN/15mm_focallength/scene_backwards/slow/left/0290.pfm
frames_finalpass/TRAIN/15mm_focallength/scene_backwards/slow/left/0245.png frames_finalpass/TRAIN/15mm_focallength/scene_backwards/slow/right/0245.png disparity/TRAIN/15mm_focallength/scene_backwards/slow/left/0245.pfm
frames_finalpass/TRAIN/15mm_focallength/scene_backwards/slow/left/0763.png frames_finalpass/TRAIN/15mm_focallength/scene_backwards/slow/right/0763.png disparity/TRAIN/15mm_focallength/scene_backwards/slow/left/0763.pfm
frames_finalpass/TRAIN/15mm_focallength/scene_backwards/slow/left/0269.png frames_finalpass/TRAIN/15mm_focallength/scene_backwards/slow/right/0269.png disparity/TRAIN/15mm_focallength/scene_backwards/slow/left/0269.pfm
frames_finalpass/TRAIN/15mm_focallength/scene_backwards/slow/left/0256.png frames_finalpass/TRAIN/15mm_focallength/scene_backwards/slow/right/0256.png disparity/TRAIN/15mm_focallength/scene_backwards/slow/left/0256.pfm
frames_finalpass/TRAIN/15mm_focallength/scene_backwards/slow/left/0363.png frames_finalpass/TRAIN/15mm_focallength/scene_backwards/slow/right/0363.png disparity/TRAIN/15mm_focallength/scene_backwards/slow/left/0363.pfm
frames_finalpass/TRAIN/15mm_focallength/scene_backwards/slow/left/0664.png frames_finalpass/TRAIN/15mm_focallength/scene_backwards/slow/right/0664.png disparity/TRAIN/15mm_focallength/scene_backwards/slow/left/0664.pfm
frames_finalpass/TRAIN/15mm_focallength/scene_backwards/slow/left/0311.png frames_finalpass/TRAIN/15mm_focallength/scene_backwards/slow/right/0311.png disparity/TRAIN/15mm_focallength/scene_backwards/slow/left/0311.pfm
frames_finalpass/TRAIN/15mm_focallength/scene_backwards/slow/left/0285.png frames_finalpass/TRAIN/15mm_focallength/scene_backwards/slow/right/0285.png disparity/TRAIN/15mm_focallength/scene_backwards/slow/left/0285.pfm
frames_finalpass/TRAIN/15mm_focallength/scene_backwards/slow/left/0541.png frames_finalpass/TRAIN/15mm_focallength/scene_backwards/slow/right/0541.png disparity/TRAIN/15mm_focallength/scene_backwards/slow/left/0541.pfm
frames_finalpass/TRAIN/15mm_focallength/scene_backwards/slow/left/0198.png frames_finalpass/TRAIN/15mm_focallength/scene_backwards/slow/right/0198.png disparity/TRAIN/15mm_focallength/scene_backwards/slow/left/0198.pfm
frames_finalpass/TRAIN/15mm_focallength/scene_backwards/slow/left/0576.png frames_finalpass/TRAIN/15mm_focallength/scene_backwards/slow/right/0576.png disparity/TRAIN/15mm_focallength/scene_backwards/slow/left/0576.pfm
frames_finalpass/TRAIN/15mm_focallength/scene_backwards/slow/left/0372.png frames_finalpass/TRAIN/15mm_focallength/scene_backwards/slow/right/0372.png disparity/TRAIN/15mm_focallength/scene_backwards/slow/left/0372.pfm
frames_finalpass/TRAIN/15mm_focallength/scene_backwards/slow/left/0340.png frames_finalpass/TRAIN/15mm_focallength/scene_backwards/slow/right/0340.png disparity/TRAIN/15mm_focallength/scene_backwards/slow/left/0340.pfm
frames_finalpass/TRAIN/15mm_focallength/scene_backwards/slow/left/0101.png frames_finalpass/TRAIN/15mm_focallength/scene_backwards/slow/right/0101.png disparity/TRAIN/15mm_focallength/scene_backwards/slow/left/0101.pfm
frames_finalpass/TRAIN/15mm_focallength/scene_backwards/slow/left/0366.png frames_finalpass/TRAIN/15mm_focallength/scene_backwards/slow/right/0366.png disparity/TRAIN/15mm_focallength/scene_backwards/slow/left/0366.pfm
frames_finalpass/TRAIN/15mm_focallength/scene_backwards/slow/left/0404.png frames_finalpass/TRAIN/15mm_focallength/scene_backwards/slow/right/0404.png disparity/TRAIN/15mm_focallength/scene_backwards/slow/left/0404.pfm
frames_finalpass/TRAIN/15mm_focallength/scene_backwards/slow/left/0769.png frames_finalpass/TRAIN/15mm_focallength/scene_backwards/slow/right/0769.png disparity/TRAIN/15mm_focallength/scene_backwards/slow/left/0769.pfm
frames_finalpass/TRAIN/15mm_focallength/scene_backwards/slow/left/0166.png frames_finalpass/TRAIN/15mm_focallength/scene_backwards/slow/right/0166.png disparity/TRAIN/15mm_focallength/scene_backwards/slow/left/0166.pfm
frames_finalpass/TRAIN/15mm_focallength/scene_backwards/slow/left/0153.png frames_finalpass/TRAIN/15mm_focallength/scene_backwards/slow/right/0153.png disparity/TRAIN/15mm_focallength/scene_backwards/slow/left/0153.pfm
frames_finalpass/TRAIN/15mm_focallength/scene_backwards/slow/left/0112.png frames_finalpass/TRAIN/15mm_focallength/scene_backwards/slow/right/0112.png disparity/TRAIN/15mm_focallength/scene_backwards/slow/left/0112.pfm
frames_finalpass/TRAIN/15mm_focallength/scene_backwards/slow/left/0463.png frames_finalpass/TRAIN/15mm_focallength/scene_backwards/slow/right/0463.png disparity/TRAIN/15mm_focallength/scene_backwards/slow/left/0463.pfm
frames_finalpass/TRAIN/15mm_focallength/scene_backwards/slow/left/0435.png frames_finalpass/TRAIN/15mm_focallength/scene_backwards/slow/right/0435.png disparity/TRAIN/15mm_focallength/scene_backwards/slow/left/0435.pfm
frames_finalpass/TRAIN/15mm_focallength/scene_backwards/slow/left/0764.png frames_finalpass/TRAIN/15mm_focallength/scene_backwards/slow/right/0764.png disparity/TRAIN/15mm_focallength/scene_backwards/slow/left/0764.pfm
frames_finalpass/TRAIN/15mm_focallength/scene_backwards/slow/left/0057.png frames_finalpass/TRAIN/15mm_focallength/scene_backwards/slow/right/0057.png disparity/TRAIN/15mm_focallength/scene_backwards/slow/left/0057.pfm
frames_finalpass/TRAIN/15mm_focallength/scene_backwards/slow/left/0341.png frames_finalpass/TRAIN/15mm_focallength/scene_backwards/slow/right/0341.png disparity/TRAIN/15mm_focallength/scene_backwards/slow/left/0341.pfm
frames_finalpass/TRAIN/15mm_focallength/scene_backwards/slow/left/0384.png frames_finalpass/TRAIN/15mm_focallength/scene_backwards/slow/right/0384.png disparity/TRAIN/15mm_focallength/scene_backwards/slow/left/0384.pfm
frames_finalpass/TRAIN/15mm_focallength/scene_backwards/slow/left/0766.png frames_finalpass/TRAIN/15mm_focallength/scene_backwards/slow/right/0766.png disparity/TRAIN/15mm_focallength/scene_backwards/slow/left/0766.pfm
frames_finalpass/TRAIN/15mm_focallength/scene_backwards/slow/left/0331.png frames_finalpass/TRAIN/15mm_focallength/scene_backwards/slow/right/0331.png disparity/TRAIN/15mm_focallength/scene_backwards/slow/left/0331.pfm
frames_finalpass/TRAIN/15mm_focallength/scene_backwards/slow/left/0716.png frames_finalpass/TRAIN/15mm_focallength/scene_backwards/slow/right/0716.png disparity/TRAIN/15mm_focallength/scene_backwards/slow/left/0716.pfm
frames_finalpass/TRAIN/15mm_focallength/scene_backwards/slow/left/0735.png frames_finalpass/TRAIN/15mm_focallength/scene_backwards/slow/right/0735.png disparity/TRAIN/15mm_focallength/scene_backwards/slow/left/0735.pfm
frames_finalpass/TRAIN/15mm_focallength/scene_backwards/slow/left/0383.png frames_finalpass/TRAIN/15mm_focallength/scene_backwards/slow/right/0383.png disparity/TRAIN/15mm_focallength/scene_backwards/slow/left/0383.pfm
frames_finalpass/TRAIN/15mm_focallength/scene_backwards/slow/left/0492.png frames_finalpass/TRAIN/15mm_focallength/scene_backwards/slow/right/0492.png disparity/TRAIN/15mm_focallength/scene_backwards/slow/left/0492.pfm
frames_finalpass/TRAIN/15mm_focallength/scene_backwards/slow/left/0347.png frames_finalpass/TRAIN/15mm_focallength/scene_backwards/slow/right/0347.png disparity/TRAIN/15mm_focallength/scene_backwards/slow/left/0347.pfm
frames_finalpass/TRAIN/15mm_focallength/scene_backwards/slow/left/0591.png frames_finalpass/TRAIN/15mm_focallength/scene_backwards/slow/right/0591.png disparity/TRAIN/15mm_focallength/scene_backwards/slow/left/0591.pfm
frames_finalpass/TRAIN/15mm_focallength/scene_backwards/slow/left/0623.png frames_finalpass/TRAIN/15mm_focallength/scene_backwards/slow/right/0623.png disparity/TRAIN/15mm_focallength/scene_backwards/slow/left/0623.pfm
frames_finalpass/TRAIN/15mm_focallength/scene_backwards/slow/left/0505.png frames_finalpass/TRAIN/15mm_focallength/scene_backwards/slow/right/0505.png disparity/TRAIN/15mm_focallength/scene_backwards/slow/left/0505.pfm
frames_finalpass/TRAIN/15mm_focallength/scene_backwards/slow/left/0747.png frames_finalpass/TRAIN/15mm_focallength/scene_backwards/slow/right/0747.png disparity/TRAIN/15mm_focallength/scene_backwards/slow/left/0747.pfm
frames_finalpass/TRAIN/15mm_focallength/scene_backwards/slow/left/0022.png frames_finalpass/TRAIN/15mm_focallength/scene_backwards/slow/right/0022.png disparity/TRAIN/15mm_focallength/scene_backwards/slow/left/0022.pfm
frames_finalpass/TRAIN/15mm_focallength/scene_backwards/slow/left/0102.png frames_finalpass/TRAIN/15mm_focallength/scene_backwards/slow/right/0102.png disparity/TRAIN/15mm_focallength/scene_backwards/slow/left/0102.pfm
frames_finalpass/TRAIN/15mm_focallength/scene_backwards/slow/left/0323.png frames_finalpass/TRAIN/15mm_focallength/scene_backwards/slow/right/0323.png disparity/TRAIN/15mm_focallength/scene_backwards/slow/left/0323.pfm
frames_finalpass/TRAIN/15mm_focallength/scene_backwards/slow/left/0171.png frames_finalpass/TRAIN/15mm_focallength/scene_backwards/slow/right/0171.png disparity/TRAIN/15mm_focallength/scene_backwards/slow/left/0171.pfm
frames_finalpass/TRAIN/15mm_focallength/scene_backwards/slow/left/0511.png frames_finalpass/TRAIN/15mm_focallength/scene_backwards/slow/right/0511.png disparity/TRAIN/15mm_focallength/scene_backwards/slow/left/0511.pfm
frames_finalpass/TRAIN/15mm_focallength/scene_backwards/slow/left/0494.png frames_finalpass/TRAIN/15mm_focallength/scene_backwards/slow/right/0494.png disparity/TRAIN/15mm_focallength/scene_backwards/slow/left/0494.pfm
frames_finalpass/TRAIN/15mm_focallength/scene_backwards/slow/left/0618.png frames_finalpass/TRAIN/15mm_focallength/scene_backwards/slow/right/0618.png disparity/TRAIN/15mm_focallength/scene_backwards/slow/left/0618.pfm
frames_finalpass/TRAIN/15mm_focallength/scene_backwards/slow/left/0320.png frames_finalpass/TRAIN/15mm_focallength/scene_backwards/slow/right/0320.png disparity/TRAIN/15mm_focallength/scene_backwards/slow/left/0320.pfm
frames_finalpass/TRAIN/15mm_focallength/scene_backwards/slow/left/0114.png frames_finalpass/TRAIN/15mm_focallength/scene_backwards/slow/right/0114.png disparity/TRAIN/15mm_focallength/scene_backwards/slow/left/0114.pfm
frames_finalpass/TRAIN/15mm_focallength/scene_backwards/slow/left/0111.png frames_finalpass/TRAIN/15mm_focallength/scene_backwards/slow/right/0111.png disparity/TRAIN/15mm_focallength/scene_backwards/slow/left/0111.pfm
frames_finalpass/TRAIN/15mm_focallength/scene_backwards/slow/left/0676.png frames_finalpass/TRAIN/15mm_focallength/scene_backwards/slow/right/0676.png disparity/TRAIN/15mm_focallength/scene_backwards/slow/left/0676.pfm
frames_finalpass/TRAIN/15mm_focallength/scene_backwards/slow/left/0050.png frames_finalpass/TRAIN/15mm_focallength/scene_backwards/slow/right/0050.png disparity/TRAIN/15mm_focallength/scene_backwards/slow/left/0050.pfm
frames_finalpass/TRAIN/15mm_focallength/scene_backwards/slow/left/0564.png frames_finalpass/TRAIN/15mm_focallength/scene_backwards/slow/right/0564.png disparity/TRAIN/15mm_focallength/scene_backwards/slow/left/0564.pfm
frames_finalpass/TRAIN/15mm_focallength/scene_backwards/slow/left/0390.png frames_finalpass/TRAIN/15mm_focallength/scene_backwards/slow/right/0390.png disparity/TRAIN/15mm_focallength/scene_backwards/slow/left/0390.pfm
frames_finalpass/TRAIN/15mm_focallength/scene_backwards/slow/left/0395.png frames_finalpass/TRAIN/15mm_focallength/scene_backwards/slow/right/0395.png disparity/TRAIN/15mm_focallength/scene_backwards/slow/left/0395.pfm
frames_finalpass/TRAIN/15mm_focallength/scene_backwards/slow/left/0461.png frames_finalpass/TRAIN/15mm_focallength/scene_backwards/slow/right/0461.png disparity/TRAIN/15mm_focallength/scene_backwards/slow/left/0461.pfm
frames_finalpass/TRAIN/15mm_focallength/scene_backwards/slow/left/0445.png frames_finalpass/TRAIN/15mm_focallength/scene_backwards/slow/right/0445.png disparity/TRAIN/15mm_focallength/scene_backwards/slow/left/0445.pfm
frames_finalpass/TRAIN/15mm_focallength/scene_backwards/slow/left/0458.png frames_finalpass/TRAIN/15mm_focallength/scene_backwards/slow/right/0458.png disparity/TRAIN/15mm_focallength/scene_backwards/slow/left/0458.pfm
frames_finalpass/TRAIN/15mm_focallength/scene_backwards/slow/left/0628.png frames_finalpass/TRAIN/15mm_focallength/scene_backwards/slow/right/0628.png disparity/TRAIN/15mm_focallength/scene_backwards/slow/left/0628.pfm
frames_finalpass/TRAIN/15mm_focallength/scene_backwards/slow/left/0656.png frames_finalpass/TRAIN/15mm_focallength/scene_backwards/slow/right/0656.png disparity/TRAIN/15mm_focallength/scene_backwards/slow/left/0656.pfm
frames_finalpass/TRAIN/15mm_focallength/scene_backwards/slow/left/0796.png frames_finalpass/TRAIN/15mm_focallength/scene_backwards/slow/right/0796.png disparity/TRAIN/15mm_focallength/scene_backwards/slow/left/0796.pfm
frames_finalpass/TRAIN/15mm_focallength/scene_backwards/slow/left/0702.png frames_finalpass/TRAIN/15mm_focallength/scene_backwards/slow/right/0702.png disparity/TRAIN/15mm_focallength/scene_backwards/slow/left/0702.pfm
frames_finalpass/TRAIN/15mm_focallength/scene_backwards/slow/left/0344.png frames_finalpass/TRAIN/15mm_focallength/scene_backwards/slow/right/0344.png disparity/TRAIN/15mm_focallength/scene_backwards/slow/left/0344.pfm
frames_finalpass/TRAIN/15mm_focallength/scene_backwards/slow/left/0723.png frames_finalpass/TRAIN/15mm_focallength/scene_backwards/slow/right/0723.png disparity/TRAIN/15mm_focallength/scene_backwards/slow/left/0723.pfm
frames_finalpass/TRAIN/15mm_focallength/scene_backwards/slow/left/0569.png frames_finalpass/TRAIN/15mm_focallength/scene_backwards/slow/right/0569.png disparity/TRAIN/15mm_focallength/scene_backwards/slow/left/0569.pfm
frames_finalpass/TRAIN/15mm_focallength/scene_backwards/slow/left/0724.png frames_finalpass/TRAIN/15mm_focallength/scene_backwards/slow/right/0724.png disparity/TRAIN/15mm_focallength/scene_backwards/slow/left/0724.pfm
frames_finalpass/TRAIN/15mm_focallength/scene_backwards/slow/left/0028.png frames_finalpass/TRAIN/15mm_focallength/scene_backwards/slow/right/0028.png disparity/TRAIN/15mm_focallength/scene_backwards/slow/left/0028.pfm
frames_finalpass/TRAIN/15mm_focallength/scene_backwards/slow/left/0757.png frames_finalpass/TRAIN/15mm_focallength/scene_backwards/slow/right/0757.png disparity/TRAIN/15mm_focallength/scene_backwards/slow/left/0757.pfm
frames_finalpass/TRAIN/15mm_focallength/scene_backwards/slow/left/0003.png frames_finalpass/TRAIN/15mm_focallength/scene_backwards/slow/right/0003.png disparity/TRAIN/15mm_focallength/scene_backwards/slow/left/0003.pfm
frames_finalpass/TRAIN/15mm_focallength/scene_backwards/slow/left/0150.png frames_finalpass/TRAIN/15mm_focallength/scene_backwards/slow/right/0150.png disparity/TRAIN/15mm_focallength/scene_backwards/slow/left/0150.pfm
frames_finalpass/TRAIN/15mm_focallength/scene_backwards/slow/left/0044.png frames_finalpass/TRAIN/15mm_focallength/scene_backwards/slow/right/0044.png disparity/TRAIN/15mm_focallength/scene_backwards/slow/left/0044.pfm
frames_finalpass/TRAIN/15mm_focallength/scene_backwards/slow/left/0526.png frames_finalpass/TRAIN/15mm_focallength/scene_backwards/slow/right/0526.png disparity/TRAIN/15mm_focallength/scene_backwards/slow/left/0526.pfm
frames_finalpass/TRAIN/15mm_focallength/scene_backwards/slow/left/0738.png frames_finalpass/TRAIN/15mm_focallength/scene_backwards/slow/right/0738.png disparity/TRAIN/15mm_focallength/scene_backwards/slow/left/0738.pfm
frames_finalpass/TRAIN/15mm_focallength/scene_backwards/slow/left/0448.png frames_finalpass/TRAIN/15mm_focallength/scene_backwards/slow/right/0448.png disparity/TRAIN/15mm_focallength/scene_backwards/slow/left/0448.pfm
frames_finalpass/TRAIN/15mm_focallength/scene_backwards/slow/left/0446.png frames_finalpass/TRAIN/15mm_focallength/scene_backwards/slow/right/0446.png disparity/TRAIN/15mm_focallength/scene_backwards/slow/left/0446.pfm
frames_finalpass/TRAIN/15mm_focallength/scene_backwards/slow/left/0535.png frames_finalpass/TRAIN/15mm_focallength/scene_backwards/slow/right/0535.png disparity/TRAIN/15mm_focallength/scene_backwards/slow/left/0535.pfm
frames_finalpass/TRAIN/15mm_focallength/scene_backwards/slow/left/0762.png frames_finalpass/TRAIN/15mm_focallength/scene_backwards/slow/right/0762.png disparity/TRAIN/15mm_focallength/scene_backwards/slow/left/0762.pfm
frames_finalpass/TRAIN/15mm_focallength/scene_backwards/slow/left/0797.png frames_finalpass/TRAIN/15mm_focallength/scene_backwards/slow/right/0797.png disparity/TRAIN/15mm_focallength/scene_backwards/slow/left/0797.pfm
frames_finalpass/TRAIN/15mm_focallength/scene_backwards/slow/left/0264.png frames_finalpass/TRAIN/15mm_focallength/scene_backwards/slow/right/0264.png disparity/TRAIN/15mm_focallength/scene_backwards/slow/left/0264.pfm
frames_finalpass/TRAIN/15mm_focallength/scene_backwards/slow/left/0520.png frames_finalpass/TRAIN/15mm_focallength/scene_backwards/slow/right/0520.png disparity/TRAIN/15mm_focallength/scene_backwards/slow/left/0520.pfm
frames_finalpass/TRAIN/15mm_focallength/scene_backwards/slow/left/0574.png frames_finalpass/TRAIN/15mm_focallength/scene_backwards/slow/right/0574.png disparity/TRAIN/15mm_focallength/scene_backwards/slow/left/0574.pfm
frames_finalpass/TRAIN/15mm_focallength/scene_backwards/slow/left/0355.png frames_finalpass/TRAIN/15mm_focallength/scene_backwards/slow/right/0355.png disparity/TRAIN/15mm_focallength/scene_backwards/slow/left/0355.pfm
frames_finalpass/TRAIN/15mm_focallength/scene_backwards/slow/left/0683.png frames_finalpass/TRAIN/15mm_focallength/scene_backwards/slow/right/0683.png disparity/TRAIN/15mm_focallength/scene_backwards/slow/left/0683.pfm
frames_finalpass/TRAIN/15mm_focallength/scene_backwards/slow/left/0103.png frames_finalpass/TRAIN/15mm_focallength/scene_backwards/slow/right/0103.png disparity/TRAIN/15mm_focallength/scene_backwards/slow/left/0103.pfm
frames_finalpass/TRAIN/15mm_focallength/scene_backwards/slow/left/0745.png frames_finalpass/TRAIN/15mm_focallength/scene_backwards/slow/right/0745.png disparity/TRAIN/15mm_focallength/scene_backwards/slow/left/0745.pfm
frames_finalpass/TRAIN/15mm_focallength/scene_backwards/slow/left/0767.png frames_finalpass/TRAIN/15mm_focallength/scene_backwards/slow/right/0767.png disparity/TRAIN/15mm_focallength/scene_backwards/slow/left/0767.pfm
frames_finalpass/TRAIN/15mm_focallength/scene_backwards/slow/left/0242.png frames_finalpass/TRAIN/15mm_focallength/scene_backwards/slow/right/0242.png disparity/TRAIN/15mm_focallength/scene_backwards/slow/left/0242.pfm
frames_finalpass/TRAIN/15mm_focallength/scene_backwards/slow/left/0391.png frames_finalpass/TRAIN/15mm_focallength/scene_backwards/slow/right/0391.png disparity/TRAIN/15mm_focallength/scene_backwards/slow/left/0391.pfm
frames_finalpass/TRAIN/15mm_focallength/scene_backwards/slow/left/0633.png frames_finalpass/TRAIN/15mm_focallength/scene_backwards/slow/right/0633.png disparity/TRAIN/15mm_focallength/scene_backwards/slow/left/0633.pfm
frames_finalpass/TRAIN/15mm_focallength/scene_backwards/slow/left/0708.png frames_finalpass/TRAIN/15mm_focallength/scene_backwards/slow/right/0708.png disparity/TRAIN/15mm_focallength/scene_backwards/slow/left/0708.pfm
frames_finalpass/TRAIN/15mm_focallength/scene_backwards/slow/left/0671.png frames_finalpass/TRAIN/15mm_focallength/scene_backwards/slow/right/0671.png disparity/TRAIN/15mm_focallength/scene_backwards/slow/left/0671.pfm
frames_finalpass/TRAIN/15mm_focallength/scene_backwards/slow/left/0117.png frames_finalpass/TRAIN/15mm_focallength/scene_backwards/slow/right/0117.png disparity/TRAIN/15mm_focallength/scene_backwards/slow/left/0117.pfm
frames_finalpass/TRAIN/15mm_focallength/scene_backwards/slow/left/0720.png frames_finalpass/TRAIN/15mm_focallength/scene_backwards/slow/right/0720.png disparity/TRAIN/15mm_focallength/scene_backwards/slow/left/0720.pfm
frames_finalpass/TRAIN/15mm_focallength/scene_backwards/slow/left/0134.png frames_finalpass/TRAIN/15mm_focallength/scene_backwards/slow/right/0134.png disparity/TRAIN/15mm_focallength/scene_backwards/slow/left/0134.pfm
frames_finalpass/TRAIN/15mm_focallength/scene_backwards/slow/left/0610.png frames_finalpass/TRAIN/15mm_focallength/scene_backwards/slow/right/0610.png disparity/TRAIN/15mm_focallength/scene_backwards/slow/left/0610.pfm
frames_finalpass/TRAIN/15mm_focallength/scene_backwards/slow/left/0629.png frames_finalpass/TRAIN/15mm_focallength/scene_backwards/slow/right/0629.png disparity/TRAIN/15mm_focallength/scene_backwards/slow/left/0629.pfm
frames_finalpass/TRAIN/15mm_focallength/scene_backwards/slow/left/0449.png frames_finalpass/TRAIN/15mm_focallength/scene_backwards/slow/right/0449.png disparity/TRAIN/15mm_focallength/scene_backwards/slow/left/0449.pfm
frames_finalpass/TRAIN/15mm_focallength/scene_backwards/slow/left/0196.png frames_finalpass/TRAIN/15mm_focallength/scene_backwards/slow/right/0196.png disparity/TRAIN/15mm_focallength/scene_backwards/slow/left/0196.pfm
frames_finalpass/TRAIN/15mm_focallength/scene_backwards/slow/left/0036.png frames_finalpass/TRAIN/15mm_focallength/scene_backwards/slow/right/0036.png disparity/TRAIN/15mm_focallength/scene_backwards/slow/left/0036.pfm
frames_finalpass/TRAIN/15mm_focallength/scene_backwards/slow/left/0104.png frames_finalpass/TRAIN/15mm_focallength/scene_backwards/slow/right/0104.png disparity/TRAIN/15mm_focallength/scene_backwards/slow/left/0104.pfm
frames_finalpass/TRAIN/15mm_focallength/scene_backwards/slow/left/0484.png frames_finalpass/TRAIN/15mm_focallength/scene_backwards/slow/right/0484.png disparity/TRAIN/15mm_focallength/scene_backwards/slow/left/0484.pfm
frames_finalpass/TRAIN/15mm_focallength/scene_backwards/slow/left/0775.png frames_finalpass/TRAIN/15mm_focallength/scene_backwards/slow/right/0775.png disparity/TRAIN/15mm_focallength/scene_backwards/slow/left/0775.pfm
frames_finalpass/TRAIN/15mm_focallength/scene_backwards/slow/left/0376.png frames_finalpass/TRAIN/15mm_focallength/scene_backwards/slow/right/0376.png disparity/TRAIN/15mm_focallength/scene_backwards/slow/left/0376.pfm
frames_finalpass/TRAIN/15mm_focallength/scene_backwards/slow/left/0665.png frames_finalpass/TRAIN/15mm_focallength/scene_backwards/slow/right/0665.png disparity/TRAIN/15mm_focallength/scene_backwards/slow/left/0665.pfm
frames_finalpass/TRAIN/15mm_focallength/scene_backwards/slow/left/0699.png frames_finalpass/TRAIN/15mm_focallength/scene_backwards/slow/right/0699.png disparity/TRAIN/15mm_focallength/scene_backwards/slow/left/0699.pfm
frames_finalpass/TRAIN/15mm_focallength/scene_backwards/slow/left/0545.png frames_finalpass/TRAIN/15mm_focallength/scene_backwards/slow/right/0545.png disparity/TRAIN/15mm_focallength/scene_backwards/slow/left/0545.pfm
frames_finalpass/TRAIN/15mm_focallength/scene_backwards/slow/left/0093.png frames_finalpass/TRAIN/15mm_focallength/scene_backwards/slow/right/0093.png disparity/TRAIN/15mm_focallength/scene_backwards/slow/left/0093.pfm
frames_finalpass/TRAIN/15mm_focallength/scene_backwards/slow/left/0155.png frames_finalpass/TRAIN/15mm_focallength/scene_backwards/slow/right/0155.png disparity/TRAIN/15mm_focallength/scene_backwards/slow/left/0155.pfm
frames_finalpass/TRAIN/15mm_focallength/scene_backwards/slow/left/0141.png frames_finalpass/TRAIN/15mm_focallength/scene_backwards/slow/right/0141.png disparity/TRAIN/15mm_focallength/scene_backwards/slow/left/0141.pfm
frames_finalpass/TRAIN/15mm_focallength/scene_backwards/slow/left/0663.png frames_finalpass/TRAIN/15mm_focallength/scene_backwards/slow/right/0663.png disparity/TRAIN/15mm_focallength/scene_backwards/slow/left/0663.pfm
frames_finalpass/TRAIN/15mm_focallength/scene_backwards/slow/left/0364.png frames_finalpass/TRAIN/15mm_focallength/scene_backwards/slow/right/0364.png disparity/TRAIN/15mm_focallength/scene_backwards/slow/left/0364.pfm
frames_finalpass/TRAIN/15mm_focallength/scene_backwards/slow/left/0161.png frames_finalpass/TRAIN/15mm_focallength/scene_backwards/slow/right/0161.png disparity/TRAIN/15mm_focallength/scene_backwards/slow/left/0161.pfm
frames_finalpass/TRAIN/15mm_focallength/scene_backwards/slow/left/0599.png frames_finalpass/TRAIN/15mm_focallength/scene_backwards/slow/right/0599.png disparity/TRAIN/15mm_focallength/scene_backwards/slow/left/0599.pfm
frames_finalpass/TRAIN/15mm_focallength/scene_backwards/slow/left/0570.png frames_finalpass/TRAIN/15mm_focallength/scene_backwards/slow/right/0570.png disparity/TRAIN/15mm_focallength/scene_backwards/slow/left/0570.pfm
frames_finalpass/TRAIN/15mm_focallength/scene_backwards/slow/left/0563.png frames_finalpass/TRAIN/15mm_focallength/scene_backwards/slow/right/0563.png disparity/TRAIN/15mm_focallength/scene_backwards/slow/left/0563.pfm
frames_finalpass/TRAIN/15mm_focallength/scene_backwards/slow/left/0521.png frames_finalpass/TRAIN/15mm_focallength/scene_backwards/slow/right/0521.png disparity/TRAIN/15mm_focallength/scene_backwards/slow/left/0521.pfm
frames_finalpass/TRAIN/15mm_focallength/scene_backwards/slow/left/0213.png frames_finalpass/TRAIN/15mm_focallength/scene_backwards/slow/right/0213.png disparity/TRAIN/15mm_focallength/scene_backwards/slow/left/0213.pfm
frames_finalpass/TRAIN/15mm_focallength/scene_backwards/slow/left/0686.png frames_finalpass/TRAIN/15mm_focallength/scene_backwards/slow/right/0686.png disparity/TRAIN/15mm_focallength/scene_backwards/slow/left/0686.pfm
frames_finalpass/TRAIN/15mm_focallength/scene_backwards/slow/left/0788.png frames_finalpass/TRAIN/15mm_focallength/scene_backwards/slow/right/0788.png disparity/TRAIN/15mm_focallength/scene_backwards/slow/left/0788.pfm
frames_finalpass/TRAIN/15mm_focallength/scene_backwards/slow/left/0321.png frames_finalpass/TRAIN/15mm_focallength/scene_backwards/slow/right/0321.png disparity/TRAIN/15mm_focallength/scene_backwards/slow/left/0321.pfm
frames_finalpass/TRAIN/15mm_focallength/scene_backwards/slow/left/0442.png frames_finalpass/TRAIN/15mm_focallength/scene_backwards/slow/right/0442.png disparity/TRAIN/15mm_focallength/scene_backwards/slow/left/0442.pfm
frames_finalpass/TRAIN/15mm_focallength/scene_backwards/slow/left/0630.png frames_finalpass/TRAIN/15mm_focallength/scene_backwards/slow/right/0630.png disparity/TRAIN/15mm_focallength/scene_backwards/slow/left/0630.pfm
frames_finalpass/TRAIN/15mm_focallength/scene_backwards/slow/left/0587.png frames_finalpass/TRAIN/15mm_focallength/scene_backwards/slow/right/0587.png disparity/TRAIN/15mm_focallength/scene_backwards/slow/left/0587.pfm
frames_finalpass/TRAIN/15mm_focallength/scene_backwards/slow/left/0125.png frames_finalpass/TRAIN/15mm_focallength/scene_backwards/slow/right/0125.png disparity/TRAIN/15mm_focallength/scene_backwards/slow/left/0125.pfm
frames_finalpass/TRAIN/15mm_focallength/scene_backwards/slow/left/0206.png frames_finalpass/TRAIN/15mm_focallength/scene_backwards/slow/right/0206.png disparity/TRAIN/15mm_focallength/scene_backwards/slow/left/0206.pfm
frames_finalpass/TRAIN/15mm_focallength/scene_backwards/slow/left/0782.png frames_finalpass/TRAIN/15mm_focallength/scene_backwards/slow/right/0782.png disparity/TRAIN/15mm_focallength/scene_backwards/slow/left/0782.pfm
frames_finalpass/TRAIN/15mm_focallength/scene_backwards/slow/left/0760.png frames_finalpass/TRAIN/15mm_focallength/scene_backwards/slow/right/0760.png disparity/TRAIN/15mm_focallength/scene_backwards/slow/left/0760.pfm
frames_finalpass/TRAIN/15mm_focallength/scene_backwards/slow/left/0651.png frames_finalpass/TRAIN/15mm_focallength/scene_backwards/slow/right/0651.png disparity/TRAIN/15mm_focallength/scene_backwards/slow/left/0651.pfm
frames_finalpass/TRAIN/15mm_focallength/scene_backwards/slow/left/0726.png frames_finalpass/TRAIN/15mm_focallength/scene_backwards/slow/right/0726.png disparity/TRAIN/15mm_focallength/scene_backwards/slow/left/0726.pfm
frames_finalpass/TRAIN/15mm_focallength/scene_backwards/slow/left/0123.png frames_finalpass/TRAIN/15mm_focallength/scene_backwards/slow/right/0123.png disparity/TRAIN/15mm_focallength/scene_backwards/slow/left/0123.pfm
frames_finalpass/TRAIN/15mm_focallength/scene_backwards/slow/left/0670.png frames_finalpass/TRAIN/15mm_focallength/scene_backwards/slow/right/0670.png disparity/TRAIN/15mm_focallength/scene_backwards/slow/left/0670.pfm
frames_finalpass/TRAIN/15mm_focallength/scene_backwards/slow/left/0258.png frames_finalpass/TRAIN/15mm_focallength/scene_backwards/slow/right/0258.png disparity/TRAIN/15mm_focallength/scene_backwards/slow/left/0258.pfm
frames_finalpass/TRAIN/15mm_focallength/scene_backwards/slow/left/0581.png frames_finalpass/TRAIN/15mm_focallength/scene_backwards/slow/right/0581.png disparity/TRAIN/15mm_focallength/scene_backwards/slow/left/0581.pfm
frames_finalpass/TRAIN/15mm_focallength/scene_backwards/slow/left/0313.png frames_finalpass/TRAIN/15mm_focallength/scene_backwards/slow/right/0313.png disparity/TRAIN/15mm_focallength/scene_backwards/slow/left/0313.pfm
frames_finalpass/TRAIN/15mm_focallength/scene_backwards/slow/left/0754.png frames_finalpass/TRAIN/15mm_focallength/scene_backwards/slow/right/0754.png disparity/TRAIN/15mm_focallength/scene_backwards/slow/left/0754.pfm
frames_finalpass/TRAIN/15mm_focallength/scene_backwards/slow/left/0416.png frames_finalpass/TRAIN/15mm_focallength/scene_backwards/slow/right/0416.png disparity/TRAIN/15mm_focallength/scene_backwards/slow/left/0416.pfm
frames_finalpass/TRAIN/15mm_focallength/scene_backwards/slow/left/0646.png frames_finalpass/TRAIN/15mm_focallength/scene_backwards/slow/right/0646.png disparity/TRAIN/15mm_focallength/scene_backwards/slow/left/0646.pfm
frames_finalpass/TRAIN/15mm_focallength/scene_backwards/slow/left/0468.png frames_finalpass/TRAIN/15mm_focallength/scene_backwards/slow/right/0468.png disparity/TRAIN/15mm_focallength/scene_backwards/slow/left/0468.pfm
frames_finalpass/TRAIN/15mm_focallength/scene_backwards/slow/left/0159.png frames_finalpass/TRAIN/15mm_focallength/scene_backwards/slow/right/0159.png disparity/TRAIN/15mm_focallength/scene_backwards/slow/left/0159.pfm
frames_finalpass/TRAIN/15mm_focallength/scene_backwards/slow/left/0042.png frames_finalpass/TRAIN/15mm_focallength/scene_backwards/slow/right/0042.png disparity/TRAIN/15mm_focallength/scene_backwards/slow/left/0042.pfm
frames_finalpass/TRAIN/15mm_focallength/scene_backwards/slow/left/0088.png frames_finalpass/TRAIN/15mm_focallength/scene_backwards/slow/right/0088.png disparity/TRAIN/15mm_focallength/scene_backwards/slow/left/0088.pfm
frames_finalpass/TRAIN/15mm_focallength/scene_backwards/slow/left/0008.png frames_finalpass/TRAIN/15mm_focallength/scene_backwards/slow/right/0008.png disparity/TRAIN/15mm_focallength/scene_backwards/slow/left/0008.pfm
frames_finalpass/TRAIN/15mm_focallength/scene_backwards/slow/left/0516.png frames_finalpass/TRAIN/15mm_focallength/scene_backwards/slow/right/0516.png disparity/TRAIN/15mm_focallength/scene_backwards/slow/left/0516.pfm
frames_finalpass/TRAIN/15mm_focallength/scene_backwards/slow/left/0300.png frames_finalpass/TRAIN/15mm_focallength/scene_backwards/slow/right/0300.png disparity/TRAIN/15mm_focallength/scene_backwards/slow/left/0300.pfm
frames_finalpass/TRAIN/15mm_focallength/scene_backwards/slow/left/0625.png frames_finalpass/TRAIN/15mm_focallength/scene_backwards/slow/right/0625.png disparity/TRAIN/15mm_focallength/scene_backwards/slow/left/0625.pfm
frames_finalpass/TRAIN/15mm_focallength/scene_backwards/slow/left/0149.png frames_finalpass/TRAIN/15mm_focallength/scene_backwards/slow/right/0149.png disparity/TRAIN/15mm_focallength/scene_backwards/slow/left/0149.pfm
frames_finalpass/TRAIN/15mm_focallength/scene_backwards/slow/left/0220.png frames_finalpass/TRAIN/15mm_focallength/scene_backwards/slow/right/0220.png disparity/TRAIN/15mm_focallength/scene_backwards/slow/left/0220.pfm
frames_finalpass/TRAIN/15mm_focallength/scene_backwards/slow/left/0594.png frames_finalpass/TRAIN/15mm_focallength/scene_backwards/slow/right/0594.png disparity/TRAIN/15mm_focallength/scene_backwards/slow/left/0594.pfm
frames_finalpass/TRAIN/15mm_focallength/scene_backwards/slow/left/0460.png frames_finalpass/TRAIN/15mm_focallength/scene_backwards/slow/right/0460.png disparity/TRAIN/15mm_focallength/scene_backwards/slow/left/0460.pfm
frames_finalpass/TRAIN/15mm_focallength/scene_backwards/slow/left/0265.png frames_finalpass/TRAIN/15mm_focallength/scene_backwards/slow/right/0265.png disparity/TRAIN/15mm_focallength/scene_backwards/slow/left/0265.pfm
frames_finalpass/TRAIN/15mm_focallength/scene_backwards/slow/left/0684.png frames_finalpass/TRAIN/15mm_focallength/scene_backwards/slow/right/0684.png disparity/TRAIN/15mm_focallength/scene_backwards/slow/left/0684.pfm
frames_finalpass/TRAIN/15mm_focallength/scene_backwards/slow/left/0365.png frames_finalpass/TRAIN/15mm_focallength/scene_backwards/slow/right/0365.png disparity/TRAIN/15mm_focallength/scene_backwards/slow/left/0365.pfm
frames_finalpass/TRAIN/15mm_focallength/scene_backwards/slow/left/0414.png frames_finalpass/TRAIN/15mm_focallength/scene_backwards/slow/right/0414.png disparity/TRAIN/15mm_focallength/scene_backwards/slow/left/0414.pfm
frames_finalpass/TRAIN/15mm_focallength/scene_backwards/slow/left/0653.png frames_finalpass/TRAIN/15mm_focallength/scene_backwards/slow/right/0653.png disparity/TRAIN/15mm_focallength/scene_backwards/slow/left/0653.pfm
frames_finalpass/TRAIN/15mm_focallength/scene_backwards/slow/left/0496.png frames_finalpass/TRAIN/15mm_focallength/scene_backwards/slow/right/0496.png disparity/TRAIN/15mm_focallength/scene_backwards/slow/left/0496.pfm
frames_finalpass/TRAIN/15mm_focallength/scene_backwards/slow/left/0681.png frames_finalpass/TRAIN/15mm_focallength/scene_backwards/slow/right/0681.png disparity/TRAIN/15mm_focallength/scene_backwards/slow/left/0681.pfm
frames_finalpass/TRAIN/15mm_focallength/scene_backwards/slow/left/0400.png frames_finalpass/TRAIN/15mm_focallength/scene_backwards/slow/right/0400.png disparity/TRAIN/15mm_focallength/scene_backwards/slow/left/0400.pfm
frames_finalpass/TRAIN/15mm_focallength/scene_backwards/slow/left/0593.png frames_finalpass/TRAIN/15mm_focallength/scene_backwards/slow/right/0593.png disparity/TRAIN/15mm_focallength/scene_backwards/slow/left/0593.pfm
frames_finalpass/TRAIN/15mm_focallength/scene_backwards/slow/left/0144.png frames_finalpass/TRAIN/15mm_focallength/scene_backwards/slow/right/0144.png disparity/TRAIN/15mm_focallength/scene_backwards/slow/left/0144.pfm
frames_finalpass/TRAIN/15mm_focallength/scene_backwards/slow/left/0698.png frames_finalpass/TRAIN/15mm_focallength/scene_backwards/slow/right/0698.png disparity/TRAIN/15mm_focallength/scene_backwards/slow/left/0698.pfm
frames_finalpass/TRAIN/15mm_focallength/scene_backwards/slow/left/0611.png frames_finalpass/TRAIN/15mm_focallength/scene_backwards/slow/right/0611.png disparity/TRAIN/15mm_focallength/scene_backwards/slow/left/0611.pfm
frames_finalpass/TRAIN/15mm_focallength/scene_backwards/slow/left/0512.png frames_finalpass/TRAIN/15mm_focallength/scene_backwards/slow/right/0512.png disparity/TRAIN/15mm_focallength/scene_backwards/slow/left/0512.pfm
frames_finalpass/TRAIN/15mm_focallength/scene_backwards/slow/left/0227.png frames_finalpass/TRAIN/15mm_focallength/scene_backwards/slow/right/0227.png disparity/TRAIN/15mm_focallength/scene_backwards/slow/left/0227.pfm
frames_finalpass/TRAIN/15mm_focallength/scene_backwards/slow/left/0142.png frames_finalpass/TRAIN/15mm_focallength/scene_backwards/slow/right/0142.png disparity/TRAIN/15mm_focallength/scene_backwards/slow/left/0142.pfm
frames_finalpass/TRAIN/15mm_focallength/scene_backwards/slow/left/0049.png frames_finalpass/TRAIN/15mm_focallength/scene_backwards/slow/right/0049.png disparity/TRAIN/15mm_focallength/scene_backwards/slow/left/0049.pfm
frames_finalpass/TRAIN/15mm_focallength/scene_backwards/slow/left/0073.png frames_finalpass/TRAIN/15mm_focallength/scene_backwards/slow/right/0073.png disparity/TRAIN/15mm_focallength/scene_backwards/slow/left/0073.pfm
frames_finalpass/TRAIN/15mm_focallength/scene_backwards/slow/left/0748.png frames_finalpass/TRAIN/15mm_focallength/scene_backwards/slow/right/0748.png disparity/TRAIN/15mm_focallength/scene_backwards/slow/left/0748.pfm
frames_finalpass/TRAIN/15mm_focallength/scene_backwards/slow/left/0548.png frames_finalpass/TRAIN/15mm_focallength/scene_backwards/slow/right/0548.png disparity/TRAIN/15mm_focallength/scene_backwards/slow/left/0548.pfm
frames_finalpass/TRAIN/15mm_focallength/scene_backwards/slow/left/0533.png frames_finalpass/TRAIN/15mm_focallength/scene_backwards/slow/right/0533.png disparity/TRAIN/15mm_focallength/scene_backwards/slow/left/0533.pfm
frames_finalpass/TRAIN/15mm_focallength/scene_backwards/slow/left/0297.png frames_finalpass/TRAIN/15mm_focallength/scene_backwards/slow/right/0297.png disparity/TRAIN/15mm_focallength/scene_backwards/slow/left/0297.pfm
frames_finalpass/TRAIN/15mm_focallength/scene_backwards/slow/left/0472.png frames_finalpass/TRAIN/15mm_focallength/scene_backwards/slow/right/0472.png disparity/TRAIN/15mm_focallength/scene_backwards/slow/left/0472.pfm
frames_finalpass/TRAIN/15mm_focallength/scene_backwards/slow/left/0459.png frames_finalpass/TRAIN/15mm_focallength/scene_backwards/slow/right/0459.png disparity/TRAIN/15mm_focallength/scene_backwards/slow/left/0459.pfm
frames_finalpass/TRAIN/15mm_focallength/scene_backwards/slow/left/0584.png frames_finalpass/TRAIN/15mm_focallength/scene_backwards/slow/right/0584.png disparity/TRAIN/15mm_focallength/scene_backwards/slow/left/0584.pfm
frames_finalpass/TRAIN/15mm_focallength/scene_backwards/slow/left/0070.png frames_finalpass/TRAIN/15mm_focallength/scene_backwards/slow/right/0070.png disparity/TRAIN/15mm_focallength/scene_backwards/slow/left/0070.pfm
frames_finalpass/TRAIN/15mm_focallength/scene_backwards/slow/left/0529.png frames_finalpass/TRAIN/15mm_focallength/scene_backwards/slow/right/0529.png disparity/TRAIN/15mm_focallength/scene_backwards/slow/left/0529.pfm
frames_finalpass/TRAIN/15mm_focallength/scene_backwards/slow/left/0009.png frames_finalpass/TRAIN/15mm_focallength/scene_backwards/slow/right/0009.png disparity/TRAIN/15mm_focallength/scene_backwards/slow/left/0009.pfm
frames_finalpass/TRAIN/15mm_focallength/scene_backwards/slow/left/0679.png frames_finalpass/TRAIN/15mm_focallength/scene_backwards/slow/right/0679.png disparity/TRAIN/15mm_focallength/scene_backwards/slow/left/0679.pfm
frames_finalpass/TRAIN/15mm_focallength/scene_backwards/slow/left/0741.png frames_finalpass/TRAIN/15mm_focallength/scene_backwards/slow/right/0741.png disparity/TRAIN/15mm_focallength/scene_backwards/slow/left/0741.pfm
frames_finalpass/TRAIN/15mm_focallength/scene_backwards/slow/left/0573.png frames_finalpass/TRAIN/15mm_focallength/scene_backwards/slow/right/0573.png disparity/TRAIN/15mm_focallength/scene_backwards/slow/left/0573.pfm
frames_finalpass/TRAIN/15mm_focallength/scene_backwards/slow/left/0246.png frames_finalpass/TRAIN/15mm_focallength/scene_backwards/slow/right/0246.png disparity/TRAIN/15mm_focallength/scene_backwards/slow/left/0246.pfm
frames_finalpass/TRAIN/15mm_focallength/scene_backwards/slow/left/0154.png frames_finalpass/TRAIN/15mm_focallength/scene_backwards/slow/right/0154.png disparity/TRAIN/15mm_focallength/scene_backwards/slow/left/0154.pfm
frames_finalpass/TRAIN/15mm_focallength/scene_backwards/slow/left/0795.png frames_finalpass/TRAIN/15mm_focallength/scene_backwards/slow/right/0795.png disparity/TRAIN/15mm_focallength/scene_backwards/slow/left/0795.pfm
frames_finalpass/TRAIN/15mm_focallength/scene_backwards/slow/left/0685.png frames_finalpass/TRAIN/15mm_focallength/scene_backwards/slow/right/0685.png disparity/TRAIN/15mm_focallength/scene_backwards/slow/left/0685.pfm
frames_finalpass/TRAIN/15mm_focallength/scene_backwards/slow/left/0473.png frames_finalpass/TRAIN/15mm_focallength/scene_backwards/slow/right/0473.png disparity/TRAIN/15mm_focallength/scene_backwards/slow/left/0473.pfm
frames_finalpass/TRAIN/15mm_focallength/scene_backwards/slow/left/0091.png frames_finalpass/TRAIN/15mm_focallength/scene_backwards/slow/right/0091.png disparity/TRAIN/15mm_focallength/scene_backwards/slow/left/0091.pfm
frames_finalpass/TRAIN/15mm_focallength/scene_backwards/slow/left/0059.png frames_finalpass/TRAIN/15mm_focallength/scene_backwards/slow/right/0059.png disparity/TRAIN/15mm_focallength/scene_backwards/slow/left/0059.pfm
frames_finalpass/TRAIN/15mm_focallength/scene_backwards/slow/left/0407.png frames_finalpass/TRAIN/15mm_focallength/scene_backwards/slow/right/0407.png disparity/TRAIN/15mm_focallength/scene_backwards/slow/left/0407.pfm
frames_finalpass/TRAIN/15mm_focallength/scene_backwards/slow/left/0596.png frames_finalpass/TRAIN/15mm_focallength/scene_backwards/slow/right/0596.png disparity/TRAIN/15mm_focallength/scene_backwards/slow/left/0596.pfm
frames_finalpass/TRAIN/15mm_focallength/scene_backwards/slow/left/0457.png frames_finalpass/TRAIN/15mm_focallength/scene_backwards/slow/right/0457.png disparity/TRAIN/15mm_focallength/scene_backwards/slow/left/0457.pfm
frames_finalpass/TRAIN/15mm_focallength/scene_backwards/slow/left/0385.png frames_finalpass/TRAIN/15mm_focallength/scene_backwards/slow/right/0385.png disparity/TRAIN/15mm_focallength/scene_backwards/slow/left/0385.pfm
frames_finalpass/TRAIN/15mm_focallength/scene_backwards/slow/left/0742.png frames_finalpass/TRAIN/15mm_focallength/scene_backwards/slow/right/0742.png disparity/TRAIN/15mm_focallength/scene_backwards/slow/left/0742.pfm
frames_finalpass/TRAIN/15mm_focallength/scene_backwards/slow/left/0268.png frames_finalpass/TRAIN/15mm_focallength/scene_backwards/slow/right/0268.png disparity/TRAIN/15mm_focallength/scene_backwards/slow/left/0268.pfm
frames_finalpass/TRAIN/15mm_focallength/scene_backwards/slow/left/0394.png frames_finalpass/TRAIN/15mm_focallength/scene_backwards/slow/right/0394.png disparity/TRAIN/15mm_focallength/scene_backwards/slow/left/0394.pfm
frames_finalpass/TRAIN/15mm_focallength/scene_backwards/slow/left/0539.png frames_finalpass/TRAIN/15mm_focallength/scene_backwards/slow/right/0539.png disparity/TRAIN/15mm_focallength/scene_backwards/slow/left/0539.pfm
frames_finalpass/TRAIN/15mm_focallength/scene_backwards/slow/left/0221.png frames_finalpass/TRAIN/15mm_focallength/scene_backwards/slow/right/0221.png disparity/TRAIN/15mm_focallength/scene_backwards/slow/left/0221.pfm
frames_finalpass/TRAIN/15mm_focallength/scene_backwards/slow/left/0039.png frames_finalpass/TRAIN/15mm_focallength/scene_backwards/slow/right/0039.png disparity/TRAIN/15mm_focallength/scene_backwards/slow/left/0039.pfm
frames_finalpass/TRAIN/15mm_focallength/scene_backwards/slow/left/0691.png frames_finalpass/TRAIN/15mm_focallength/scene_backwards/slow/right/0691.png disparity/TRAIN/15mm_focallength/scene_backwards/slow/left/0691.pfm